warning: unused imports: `AopError` and `LoquatError`
 --> src\aop\traits.rs:4:29
  |
4 | use crate::errors::{Result, LoquatError, AopError};
  |                             ^^^^^^^^^^^  ^^^^^^^^
  |
  = note: `#[warn(unused_imports)]` on by default

warning: unused import: `std::net::AddrParseError`
 --> src\config\loquat_config.rs:9:5
  |
9 | use std::net::AddrParseError;
  |     ^^^^^^^^^^^^^^^^^^^^^^^^

warning: unused import: `LogEntry`
 --> src\logging\formatters\mod.rs:9:30
  |
9 | use crate::logging::traits::{LogEntry, LogFormatter};
  |                              ^^^^^^^^

warning: unused import: `self`
 --> src\logging\writers\file.rs:6:15
  |
6 | use std::fs::{self, File, OpenOptions};
  |               ^^^^

warning: unused import: `tokio::io as async_io`
  --> src\logging\writers\file.rs:11:5
   |
11 | use tokio::io as async_io;
   |     ^^^^^^^^^^^^^^^^^^^^^

warning: ambiguous glob re-exports
  --> src\logging\mod.rs:12:9
   |
12 | pub use logger::*;
   |         ^^^^^^^^^ the name `LoggerFactory` in the type namespace is first re-exported here
13 | pub use traits::*;
   |         --------- but the name `LoggerFactory` in the type namespace is also re-exported here
   |
   = note: `#[warn(ambiguous_glob_reexports)]` on by default

warning: unused import: `types::*`
  --> src\web\mod.rs:17:5
   |
17 | use types::*;
   |     ^^^^^^^^

warning: unused import: `package::*`
  --> src\events\mod.rs:18:9
   |
18 | pub use package::*;
   |         ^^^^^^^^^^

warning: unused import: `event_enum::*`
  --> src\events\mod.rs:26:9
   |
26 | pub use event_enum::*;
   |         ^^^^^^^^^^^^^

warning: unused import: `LoquatError`
 --> src\adapters\traits.rs:5:21
  |
5 | use crate::errors::{LoquatError, Result};
  |                     ^^^^^^^^^^^

warning: unused import: `crate::actor::messages::AdapterMessage`
 --> src\adapters\traits.rs:6:5
  |
6 | use crate::actor::messages::AdapterMessage;
  |     ^^^^^^^^^^^^^^^^^^^^^^^^^^^^^^^^^^^^^^

warning: unused import: `LoquatError`
 --> src\adapters\converter.rs:4:21
  |
4 | use crate::errors::{LoquatError, Result};
  |                     ^^^^^^^^^^^

warning: unused import: `crate::adapters::status::AdapterStatus`
 --> src\adapters\manager.rs:5:5
  |
5 | use crate::adapters::status::AdapterStatus;
  |     ^^^^^^^^^^^^^^^^^^^^^^^^^^^^^^^^^^^^^^

warning: unused import: `crate::adapters::state_manager::AdapterStateManager`
 --> src\adapters\manager.rs:8:5
  |
8 | use crate::adapters::state_manager::AdapterStateManager;
  |     ^^^^^^^^^^^^^^^^^^^^^^^^^^^^^^^^^^^^^^^^^^^^^^^^^^^

warning: unused import: `std::collections::HashMap`
  --> src\adapters\manager.rs:13:5
   |
13 | use std::collections::HashMap;
   |     ^^^^^^^^^^^^^^^^^^^^^^^^^

warning: unused import: `std::sync::Arc`
 --> src\adapters\types.rs:6:5
  |
6 | use std::sync::Arc;
  |     ^^^^^^^^^^^^^^

warning: unused import: `crate::adapters::types::AdapterStatistics`
 --> src\adapters\actor\console_adapter_actor.rs:6:5
  |
6 | use crate::adapters::types::AdapterStatistics;
  |     ^^^^^^^^^^^^^^^^^^^^^^^^^^^^^^^^^^^^^^^^^

warning: unused import: `oneshot`
  --> src\adapters\actor\console_adapter_actor.rs:10:25
   |
10 | use tokio::sync::{mpsc, oneshot, RwLock};
   |                         ^^^^^^^

warning: unused import: `crate::events::EventEnum`
  --> src\adapters\actor\mod.rs:19:5
   |
19 | use crate::events::EventEnum;
   |     ^^^^^^^^^^^^^^^^^^^^^^^^

warning: unused import: `mpsc`
  --> src\adapters\actor\mod.rs:21:19
   |
21 | use tokio::sync::{mpsc, RwLock};
   |                   ^^^^

warning: unused imports: `ConfigError` and `LoquatError`
 --> src\adapters\mock_test_factory.rs:5:29
  |
5 | use crate::errors::{Result, LoquatError, ConfigError};
  |                             ^^^^^^^^^^^  ^^^^^^^^^^^

warning: unused import: `crate::logging::traits::Logger`
 --> src\channels\channel.rs:5:5
  |
5 | use crate::logging::traits::Logger;
  |     ^^^^^^^^^^^^^^^^^^^^^^^^^^^^^^

warning: unused import: `Path`
  --> src\plugins\manager.rs:10:26
   |
10 | use std::path::{PathBuf, Path};
   |                          ^^^^

warning: unused import: `crate::events::Package`
 --> src\engine\types.rs:4:5
  |
4 | use crate::events::Package;
  |     ^^^^^^^^^^^^^^^^^^^^^^

warning: unused import: `crate::logging::traits::LogLevel`
 --> src\engine\types.rs:5:5
  |
5 | use crate::logging::traits::LogLevel;
  |     ^^^^^^^^^^^^^^^^^^^^^^^^^^^^^^^^

warning: unused import: `ProcessingContext`
 --> src\engine\traits.rs:5:68
  |
5 | use crate::engine::types::{EngineConfig, EngineStats, EngineState, ProcessingContext};
  |                                                                    ^^^^^^^^^^^^^^^^^

warning: unused import: `LoquatError`
 --> src\shutdown\coordinator.rs:5:21
  |
5 | use crate::errors::{LoquatError, Result};
  |                     ^^^^^^^^^^^

warning: unused import: `std::time::SystemTime`
 --> src\cli\plugin_generator.rs:9:5
  |
9 | use std::time::SystemTime;
  |     ^^^^^^^^^^^^^^^^^^^^^

warning: unused import: `std::fmt::Write as FmtWrite`
 --> src\repl\commands\status.rs:7:5
  |
7 | use std::fmt::Write as FmtWrite;
  |     ^^^^^^^^^^^^^^^^^^^^^^^^^^^

warning: unused imports: `DateTime` and `Local`
  --> src\repl\commands\logs.rs:10:14
   |
10 | use chrono::{DateTime, Local};
   |              ^^^^^^^^  ^^^^^

warning: unused import: `colored::Colorize`
 --> src\repl\commands\clear.rs:6:5
  |
6 | use colored::Colorize;
  |     ^^^^^^^^^^^^^^^^^

warning: unused imports: `LogFormat` and `LogOutput`
  --> src\tui\app.rs:17:40
   |
17 | use crate::logging::{init_with_config, LogFormat, LogOutput, LogLevel as LogLogLevel};
   |                                        ^^^^^^^^^  ^^^^^^^^^

warning: ambiguous glob re-exports
  --> src\lib.rs:27:9
   |
27 | pub use aop::*;
   |         ^^^^^^ the name `traits` in the type namespace is first re-exported here
...
41 | pub use engine::*;
   |         --------- but the name `traits` in the type namespace is also re-exported here

warning: ambiguous glob re-exports
  --> src\lib.rs:27:9
   |
27 | pub use aop::*;
   |         ^^^^^^ the name `AopResult` in the type namespace is first re-exported here
28 | pub use config::*;
29 | pub use errors::*;
   |         --------- but the name `AopResult` in the type namespace is also re-exported here

warning: ambiguous glob re-exports
  --> src\lib.rs:29:9
   |
29 | pub use errors::*;
   |         ^^^^^^^^^ the name `types` in the type namespace is first re-exported here
...
41 | pub use engine::*;
   |         --------- but the name `types` in the type namespace is also re-exported here

warning: ambiguous glob re-exports
  --> src\lib.rs:33:9
   |
33 | pub use adapters::*;
   |         ^^^^^^^^^^^ the name `manager` in the type namespace is first re-exported here
...
40 | pub use channel_manager::*;
   |         ------------------ but the name `manager` in the type namespace is also re-exported here

warning: value assigned to `reloaded_count` is never read
   --> src\web\handlers.rs:248:17
    |
248 |         let mut reloaded_count = 0;
    |                 ^^^^^^^^^^^^^^
    |
    = help: maybe it is overwritten before being read?
    = note: `#[warn(unused_assignments)]` on by default

warning: value assigned to `reloaded_count` is never read
   --> src\web\handlers.rs:337:17
    |
337 |         let mut reloaded_count = 0;
    |                 ^^^^^^^^^^^^^^
    |
    = help: maybe it is overwritten before being read?

warning: unused variable: `sender`
  --> src\adapters\console_adapter.rs:93:41
   |
93 |                         if let Some(ref sender) = sender_clone {
   |                                         ^^^^^^ help: if this is intentional, prefix it with an underscore: `_sender`
   |
   = note: `#[warn(unused_variables)]` on by default

warning: unused variable: `e`
   --> src\plugins\manager.rs:204:36
    |
204 |                         if let Err(e) = self.path_validator.validate_path(&path) {
    |                                    ^ help: if this is intentional, prefix it with an underscore: `_e`

warning: variable `last_error` is assigned to, but never used
   --> src\utils\error_handling.rs:106:13
    |
106 |     let mut last_error = None;
    |             ^^^^^^^^^^
    |
    = note: consider using `_last_error` instead

warning: value assigned to `last_error` is never read
   --> src\utils\error_handling.rs:114:17
    |
114 |                 last_error = Some(e.clone());
    |                 ^^^^^^^^^^
    |
    = help: maybe it is overwritten before being read?

warning: unused variable: `plugin_manager`
   --> src\repl\commands\plugins.rs:224:45
    |
224 | ... &str, plugin_manager: &crate::plugins::PluginManager, ctx: &ReplContext) -> Result<()> {
    |           ^^^^^^^^^^^^^^ help: if this is intentional, prefix it with an underscore: `_plugin_manager`

warning: unused variable: `ctx`
   --> src\repl\commands\plugins.rs:224:93
    |
224 | ...s::PluginManager, ctx: &ReplContext) -> Result<()> {
    |                      ^^^ help: if this is intentional, prefix it with an underscore: `_ctx`

warning: unused variable: `plugin_manager`
   --> src\repl\commands\plugins.rs:236:47
    |
236 | ... &str, plugin_manager: &crate::plugins::PluginManager, ctx: &ReplContext) -> Result<()> {
    |           ^^^^^^^^^^^^^^ help: if this is intentional, prefix it with an underscore: `_plugin_manager`

warning: unused variable: `ctx`
   --> src\repl\commands\plugins.rs:236:95
    |
236 | ...s::PluginManager, ctx: &ReplContext) -> Result<()> {
    |                      ^^^ help: if this is intentional, prefix it with an underscore: `_ctx`

warning: unused variable: `ctx`
   --> src\repl\commands\plugins.rs:247:95
    |
247 | ...s::PluginManager, ctx: &ReplContext) -> Result<()> {
    |                      ^^^ help: if this is intentional, prefix it with an underscore: `_ctx`

warning: unused variable: `ctx`
   --> src\repl\commands\adapters.rs:202:88
    |
202 | ...::AdapterManager, ctx: &ReplContext) -> Result<()> {
    |                      ^^^ help: if this is intentional, prefix it with an underscore: `_ctx`

warning: unused variable: `ctx`
   --> src\repl\commands\reload.rs:240:35
    |
240 |     async fn reload_config(&self, ctx: &ReplContext) -> Result<()> {
    |                                   ^^^ help: if this is intentional, prefix it with an underscore: `_ctx`

warning: variable does not need to be mutable
   --> src\logging\writers\file.rs:230:17
    |
230 |             let mut writer = self.writer.lock().await;
    |                 ----^^^^^^
    |                 |
    |                 help: remove this `mut`
    |
    = note: `#[warn(unused_mut)]` on by default

warning: unused variable: `adapter_name`
   --> src\adapters\manager.rs:289:13
    |
289 |         let adapter_name = path
    |             ^^^^^^^^^^^^ help: if this is intentional, prefix it with an underscore: `_adapter_name`

warning: unused variable: `payload`
  --> src\adapters\actor\mod.rs:40:61
   |
40 | ..._type: String, payload: serde_json::Value) -> Result<serde_json::Value> {
   |                   ^^^^^^^ help: if this is intentional, prefix it with an underscore: `_payload`

warning: unused variable: `adapter_id`
   --> src\adapters\mock_test_adapter.rs:142:28
    |
142 |     fn generate_text_event(adapter_id: &str, event_num: u64) -> EventEnum {
    |                            ^^^^^^^^^^ help: if this is intentional, prefix it with an underscore: `_adapter_id`

warning: unused variable: `adapter_id`
   --> src\adapters\mock_test_adapter.rs:154:29
    |
154 |     fn generate_image_event(adapter_id: &str, event_num: u64) -> EventEnum {
    |                             ^^^^^^^^^^ help: if this is intentional, prefix it with an underscore: `_adapter_id`

warning: unused variable: `adapter_id`
   --> src\adapters\mock_test_adapter.rs:167:30
    |
167 |     fn generate_notice_event(adapter_id: &str, event_num: u64) -> EventEnum {
    |                              ^^^^^^^^^^ help: if this is intentional, prefix it with an underscore: `_adapter_id`

warning: unused variable: `adapter_id`
   --> src\adapters\mock_test_adapter.rs:179:29
    |
179 |     fn generate_voice_event(adapter_id: &str, event_num: u64) -> EventEnum {
    |                             ^^^^^^^^^^ help: if this is intentional, prefix it with an underscore: `_adapter_id`

warning: unused variable: `adapter_id`
   --> src\adapters\mock_test_adapter.rs:192:29
    |
192 |     fn generate_group_event(adapter_id: &str, event_num: u64) -> EventEnum {
    |                             ^^^^^^^^^^ help: if this is intentional, prefix it with an underscore: `_adapter_id`

warning: unused variable: `sender`
   --> src\adapters\mock_test_adapter.rs:250:32
    |
250 |     fn set_event_sender(&self, sender: Option<mpsc::UnboundedSender<EventEnum>>) {
    |                                ^^^^^^ help: if this is intentional, prefix it with an underscore: `_sender`

warning: unused variable: `ctx`
  --> src\repl\commands\help.rs:49:46
   |
49 |     async fn execute(&self, args: &[String], ctx: &ReplContext) -> Result<()> {
   |                                              ^^^ help: if this is intentional, prefix it with an underscore: `_ctx`

warning: unused variable: `args`
  --> src\repl\commands\status.rs:42:29
   |
42 |     async fn execute(&self, args: &[String], ctx: &ReplContext) -> Result<()> {
   |                             ^^^^ help: if this is intentional, prefix it with an underscore: `_args`

warning: unused variable: `plugin_manager`
   --> src\repl\commands\plugins.rs:113:13
    |
113 |         let plugin_manager = match &ctx.plugin_manager {
    |             ^^^^^^^^^^^^^^ help: if this is intentional, prefix it with an underscore: `_plugin_manager`

warning: unused variable: `plugins`
   --> src\repl\commands\plugins.rs:123:13
    |
123 |         let plugins: Vec<String> = Vec::new();
    |             ^^^^^^^ help: if this is intentional, prefix it with an underscore: `_plugins`

warning: unused variable: `adapter_manager`
  --> src\repl\commands\adapters.rs:91:13
   |
91 |         let adapter_manager = match &ctx.adapter_manager {
   |             ^^^^^^^^^^^^^^^ help: if this is intentional, prefix it with an underscore: `_adapter_manager`

warning: unused variable: `adapters`
   --> src\repl\commands\adapters.rs:101:13
    |
101 |         let adapters: Vec<String> = Vec::new();
    |             ^^^^^^^^ help: if this is intentional, prefix it with an underscore: `_adapters`

warning: unused variable: `ctx`
  --> src\repl\commands\reload.rs:77:41
   |
77 |     fn complete(&self, args: &[String], ctx: &ReplContext) -> Vec<String> {
   |                                         ^^^ help: if this is intentional, prefix it with an underscore: `_ctx`

warning: unused variable: `args`
  --> src\repl\commands\config.rs:46:29
   |
46 |     async fn execute(&self, args: &[String], ctx: &ReplContext) -> Result<()> {
   |                             ^^^^ help: if this is intentional, prefix it with an underscore: `_args`

warning: unused variable: `ctx`
  --> src\repl\commands\engine.rs:81:41
   |
81 |     fn complete(&self, args: &[String], ctx: &ReplContext) -> Vec<String> {
   |                                         ^^^ help: if this is intentional, prefix it with an underscore: `_ctx`

warning: unused variable: `args`
  --> src\repl\commands\mod.rs:38:24
   |
38 |     fn complete(&self, args: &[String], ctx: &ReplContext) -> Vec<String> {
   |                        ^^^^ help: if this is intentional, prefix it with an underscore: `_args`

warning: unused variable: `ctx`
  --> src\repl\commands\mod.rs:38:41
   |
38 |     fn complete(&self, args: &[String], ctx: &ReplContext) -> Vec<String> {
   |                                         ^^^ help: if this is intentional, prefix it with an underscore: `_ctx`

warning: unused variable: `ui_state`
   --> src\tui\app.rs:245:58
    |
245 |     fn draw_side_panel(&self, f: &mut Frame, area: Rect, ui_state: &UiState) {
    |                                                          ^^^^^^^^ help: if this is intentional, prefix it with an underscore: `_ui_state`

warning: unused variable: `app_state`
   --> src\tui\app.rs:260:61
    |
260 |     fn draw_plugins_panel(&self, f: &mut Frame, area: Rect, app_state: &AppState, ui_state: &UiState) {
    |                                                             ^^^^^^^^^ help: if this is intentional, prefix it with an underscore: `_app_state`

warning: unused variable: `ui_state`
   --> src\tui\app.rs:260:83
    |
260 |     fn draw_plugins_panel(&self, f: &mut Frame, area: Rect, app_state: &AppState, ui_state: &UiState) {
    |                                                                                   ^^^^^^^^ help: if this is intentional, prefix it with an underscore: `_ui_state`

warning: unused variable: `app_state`
   --> src\tui\app.rs:265:62
    |
265 |     fn draw_adapters_panel(&self, f: &mut Frame, area: Rect, app_state: &AppState, ui_state: &UiState) {
    |                                                              ^^^^^^^^^ help: if this is intentional, prefix it with an underscore: `_app_state`

warning: unused variable: `ui_state`
   --> src\tui\app.rs:265:84
    |
265 |     fn draw_adapters_panel(&self, f: &mut Frame, area: Rect, app_state: &AppState, ui_state: &UiState) {
    |                                                                                    ^^^^^^^^ help: if this is intentional, prefix it with an underscore: `_ui_state`

warning: unused variable: `app_state`
   --> src\tui\app.rs:270:60
    |
270 |     fn draw_config_panel(&self, f: &mut Frame, area: Rect, app_state: &AppState, ui_state: &UiState) {
    |                                                            ^^^^^^^^^ help: if this is intentional, prefix it with an underscore: `_app_state`

warning: unused variable: `ui_state`
   --> src\tui\app.rs:270:82
    |
270 |     fn draw_config_panel(&self, f: &mut Frame, area: Rect, app_state: &AppState, ui_state: &UiState) {
    |                                                                                  ^^^^^^^^ help: if this is intentional, prefix it with an underscore: `_ui_state`

warning: unused variable: `app_state`
   --> src\tui\app.rs:275:60
    |
275 |     fn draw_engine_panel(&self, f: &mut Frame, area: Rect, app_state: &AppState, ui_state: &UiState) {
    |                                                            ^^^^^^^^^ help: if this is intentional, prefix it with an underscore: `_app_state`

warning: unused variable: `ui_state`
   --> src\tui\app.rs:275:82
    |
275 |     fn draw_engine_panel(&self, f: &mut Frame, area: Rect, app_state: &AppState, ui_state: &UiState) {
    |                                                                                  ^^^^^^^^ help: if this is intentional, prefix it with an underscore: `_ui_state`

warning: unused variable: `app_state`
   --> src\tui\app.rs:592:72
    |
592 | fn draw_main_panel_impl(f: &mut Frame, area: Rect, ui_state: &UiState, app_state: &AppState) {
    |                                                                        ^^^^^^^^^ help: if this is intentional, prefix it with an underscore: `_app_state`

warning: field `buffer` is never read
  --> src\logging\writers\console.rs:13:5
   |
11 | pub struct ConsoleWriter {
   |            ------------- field in this struct
12 |     use_stderr: bool,
13 |     buffer: Mutex<String>,
   |     ^^^^^^
   |
   = note: `ConsoleWriter` has a derived impl for the trait `Debug`, but this is intentionally ignored during dead code analysis
   = note: `#[warn(dead_code)]` on by default

warning: method `should_use_colors` is never used
   --> src\logging\writers\console.rs:223:8
    |
200 | impl EnhancedConsoleWriter {
    | -------------------------- method in this implementation
...
223 |     fn should_use_colors(&self) -> bool {
    |        ^^^^^^^^^^^^^^^^^

warning: methods `start`, `stop`, `is_running`, and `address` are never used
  --> src\web\traits.rs:10:14
   |
8  | pub trait WebServiceTrait: Send + Sync {
   |           --------------- methods in this trait
9  |     /// Start the web service
10 |     async fn start(&self) -> crate::errors::Result<()>;
   |              ^^^^^
...
13 |     async fn stop(&self) -> crate::errors::Result<()>;
   |              ^^^^
...
16 |     fn is_running(&self) -> bool;
   |        ^^^^^^^^^^
...
19 |     fn address(&self) -> String;
   |        ^^^^^^^

warning: field `channel_type` is never read
  --> src\streams\standard_stream.rs:19:5
   |
16 | pub struct StandardStream {
   |            -------------- field in this struct
...
19 |     channel_type: ChannelType,
   |     ^^^^^^^^^^^^
   |
   = note: `StandardStream` has a derived impl for the trait `Debug`, but this is intentionally ignored during dead code analysis

warning: field `command_names` is never read
  --> src\repl\commands\help.rs:10:5
   |
9  | pub struct HelpCommand {
   |            ----------- field in this struct
10 |     command_names: Arc<Vec<String>>,
   |     ^^^^^^^^^^^^^

warning: multiple methods are never used
   --> src\tui\app.rs:230:8
    |
51  | impl LoquatTui {
    | -------------- methods in this implementation
...
230 |     fn draw_ui(&self, f: &mut Frame, ui_state: &UiState, app_state: &AppState) {
    |        ^^^^^^^
...
235 |     fn draw_header(&self, f: &mut Frame, area: Rect, app_state: &AppState) {
    |        ^^^^^^^^^^^
...
240 |     fn draw_main_content(&self, f: &mut Frame, area: Rect, ui_state: &UiState, app_state: &AppState) {
    |        ^^^^^^^^^^^^^^^^^
...
245 |     fn draw_side_panel(&self, f: &mut Frame, area: Rect, ui_state: &UiState) {
    |        ^^^^^^^^^^^^^^^
...
250 |     fn draw_main_panel(&self, f: &mut Frame, area: Rect, ui_state: &UiState, app_state: &AppState) {
    |        ^^^^^^^^^^^^^^^
...
255 |     fn draw_logs_panel(&self, f: &mut Frame, area: Rect, ui_state: &UiState) {
    |        ^^^^^^^^^^^^^^^
...
260 |     fn draw_plugins_panel(&self, f: &mut Frame, area: Rect, app_state: &AppState, ui_state: &UiState) {
    |        ^^^^^^^^^^^^^^^^^^
...
265 |     fn draw_adapters_panel(&self, f: &mut Frame, area: Rect, app_state: &AppState, ui_state: &UiState) {
    |        ^^^^^^^^^^^^^^^^^^^
...
270 |     fn draw_config_panel(&self, f: &mut Frame, area: Rect, app_state: &AppState, ui_state: &UiState) {
    |        ^^^^^^^^^^^^^^^^^
...
275 |     fn draw_engine_panel(&self, f: &mut Frame, area: Rect, app_state: &AppState, ui_state: &UiState) {
    |        ^^^^^^^^^^^^^^^^^
...
280 |     fn draw_command_input(&self, f: &mut Frame, area: Rect, ui_state: &UiState) {
    |        ^^^^^^^^^^^^^^^^^^

warning: associated function `new_arc` is never used
  --> src\tui\log_writer.rs:35:12
   |
28 | impl TuiLogWriter {
   | ----------------- associated function in this implementation
...
35 |     pub fn new_arc(sender: Arc<mpsc::UnboundedSender<TuiLogMessage>>) -> Self {
   |            ^^^^^^^

warning: `loquat` (lib) generated 86 warnings (run `cargo fix --lib -p loquat` to apply 32 suggestions)
    Finished `dev` profile [unoptimized + debuginfo] target(s) in 0.21s
